// Jest Snapshot v1, https://goo.gl/fbAQLP

exports[`Document list component should render with a document list when provided in props 1`] = `
<table
  class="govuk-table"
>
  <caption
    class="govuk-table__caption"
  >
    Documents
  </caption>
  <tbody
    class="govuk-table__body"
  >
    <tr
      class="govuk-table__row"
    >
      <td
        class="govuk-table__cell"
      >
        <strong
          class="govuk-tag margin-right--small"
        >
          ORIGINAL
        </strong>
        <strong
          class="govuk-tag"
        />
      </td>
      <td
        class="govuk-table__cell"
      />
      <td
        class="govuk-table__cell"
      >
        <a
          class="govuk-link"
          download="MOCK_DOC_ID_1"
          href="/case/MOCK_CASE_ID/stage/undefined/download/document/MOCK_DOC_ID_1/pdf"
          id="MOCK_DOC_ID_1-pdf"
        >
          Preview
        </a>
      </td>
      <td
        class="govuk-table__cell"
      >
        <a
          class="govuk-link"
          href="/case/MOCK_CASE_ID/stage/undefined/download/document/MOCK_DOC_ID_1/original"
        >
          Download
        </a>
      </td>
    </tr>
    <tr
      class="govuk-table__row"
    >
      <td
        class="govuk-table__cell"
      >
        <strong
          class="govuk-tag margin-right--small"
        >
          ORIGINAL
        </strong>
        <strong
          class="govuk-tag"
        />
      </td>
      <td
        class="govuk-table__cell"
      />
      <td
        class="govuk-table__cell"
      >
        <a
          class="govuk-link"
          download="MOCK_DOC_ID_2"
          href="/case/MOCK_CASE_ID/stage/undefined/download/document/MOCK_DOC_ID_2/pdf"
          id="MOCK_DOC_ID_2-pdf"
        >
          Preview
        </a>
      </td>
      <td
        class="govuk-table__cell"
      >
        <a
          class="govuk-link"
          href="/case/MOCK_CASE_ID/stage/undefined/download/document/MOCK_DOC_ID_2/original"
        >
          Download
        </a>
      </td>
    </tr>
    <tr
      class="govuk-table__row"
    >
      <td
        class="govuk-table__cell"
      >
        <strong
          class="govuk-tag margin-right--small"
        >
          ORIGINAL
        </strong>
        <strong
          class="govuk-tag"
        />
      </td>
      <td
        class="govuk-table__cell"
      />
      <td
        class="govuk-table__cell"
      >
        <a
          class="govuk-link"
          download="MOCK_DOC_ID_3"
          href="/case/MOCK_CASE_ID/stage/undefined/download/document/MOCK_DOC_ID_3/pdf"
          id="MOCK_DOC_ID_3-pdf"
        >
          Preview
        </a>
      </td>
      <td
        class="govuk-table__cell"
      >
        <a
          class="govuk-link"
          href="/case/MOCK_CASE_ID/stage/undefined/download/document/MOCK_DOC_ID_3/original"
        >
          Download
        </a>
      </td>
    </tr>
  </tbody>
</table>
`;

exports[`Document list component should render with default props 1`] = `
<table
  class="govuk-table"
>
  <caption
    class="govuk-table__caption"
  >
    Documents
  </caption>
  <tbody
    class="govuk-table__body"
  />
</table>
`;
