// Jest Snapshot v1, https://goo.gl/fbAQLP

exports[`Workstack page component should render with default props 1`] = `
<Component
  dispatch={
    [MockFunction] {
      "calls": Array [
        Array [
          undefined,
        ],
        Array [
          undefined,
        ],
      ],
      "results": Array [
        Object {
          "type": "return",
          "value": Promise {},
        },
        Object {
          "type": "return",
          "value": Promise {},
        },
      ],
    }
  }
>
  <StandardLinesView
    dispatch={
      [MockFunction] {
        "calls": Array [
          Array [
            undefined,
          ],
          Array [
            undefined,
          ],
        ],
        "results": Array [
          Object {
            "type": "return",
            "value": Promise {},
          },
          Object {
            "type": "return",
            "value": Promise {},
          },
        ],
      }
    }
    match={
      Object {
        "url": "/standard-lines",
      }
    }
  >
    <div
      className="govuk-form-group"
    >
      <div>
        <h1
          className="govuk-heading-xl"
        >
          View standard lines
        </h1>
        <div>
          <div
            className="govuk-grid-row"
          >
            <div
              className="govuk-grid-column-one-third"
            >
              <div
                className="govuk-form-group filter-row"
              >
                <Text
                  autoFocus={true}
                  disabled={false}
                  label="Filter"
                  limit={4000}
                  name="filter"
                  type="text"
                  updateState={[Function]}
                  value=""
                >
                  <div
                    className="govuk-form-group "
                  >
                    <label
                      className="govuk-label govuk-label--s"
                      htmlFor="filter"
                      id="filter-label"
                    >
                      Filter
                    </label>
                    <div>
                      <input
                        className="govuk-input"
                        disabled={false}
                        id="filter"
                        maxLength={4000}
                        name="filter"
                        onChange={[Function]}
                        type="text"
                        value=""
                      />
                    </div>
                  </div>
                </Text>
                <span
                  aria-live="polite"
                  className="govuk-hint"
                >
                  0 Items
                </span>
              </div>
              <div
                className="govuk-grid-row margin-bottom--small"
              >
                <div
                  className="govuk-grid-column-two-thirds govuk-label--s padding-top--small"
                >
                  Exclude expired
                </div>
                <div
                  className="govuk-grid-column-one-third bigger"
                >
                  <input
                    checked={true}
                    name="excludeExpired"
                    onChange={[Function]}
                    type="checkbox"
                  />
                </div>
              </div>
            </div>
          </div>
          <div
            className="scrollableTable"
          >
            <table
              className="govuk-table"
            >
              <thead
                className="govuk-table__head"
              >
                <tr
                  className="govuk-table__row"
                >
                  <th
                    className="govuk-table__header"
                    scope="col"
                  >
                    Topic
                  </th>
                  <th
                    className="govuk-table__header"
                    scope="col"
                  >
                    Team
                  </th>
                  <th
                    className="govuk-table__header"
                    scope="col"
                  >
                    Filename
                  </th>
                  <th
                    className="govuk-table__header"
                    scope="col"
                  >
                    Expiry date
                  </th>
                  <th
                    className="govuk-table__header"
                    scope="col"
                  >
                    Action
                  </th>
                </tr>
              </thead>
              <tbody
                className="govuk-table__body"
              />
            </table>
          </div>
        </div>
        <br />
      </div>
    </div>
  </StandardLinesView>
</Component>
`;
