// Jest Snapshot v1, https://goo.gl/fbAQLP

exports[`Case-view-read-only Adapter should build a schema from the provided template and have sections in alphabetical order 1`] = `
Object {
  "data": Object {
    "my_date_field": "19/01/2020",
    "my_empty_field": undefined,
    "my_field": "Some Value",
  },
  "meta": Object {},
  "schema": Object {
    "defaultActionLabel": "Submit",
    "fields": Array [
      Object {
        "component": "accordion",
        "props": Object {
          "name": "case-view",
          "sections": Array [
            Object {
              "items": Array [
                Object {
                  "component": "text",
                  "props": Object {
                    "label": "My Field",
                    "name": "my_field",
                  },
                  "validation": Array [
                    "required",
                  ],
                },
                Object {
                  "component": "date",
                  "props": Object {
                    "label": "My Date Field",
                    "name": "my_date_field",
                  },
                  "validation": Array [
                    "required",
                  ],
                },
                Object {
                  "component": "text",
                  "props": Object {
                    "label": "My Empty Field",
                    "name": "my_empty_field",
                  },
                  "validation": Array [
                    "required",
                  ],
                },
              ],
              "title": "STAGE_NAME",
            },
            Object {
              "items": Array [
                Object {
                  "component": "text",
                  "props": Object {
                    "label": "My Field",
                    "name": "my_field",
                  },
                  "validation": Array [
                    "required",
                  ],
                },
                Object {
                  "component": "date",
                  "props": Object {
                    "label": "My Date Field",
                    "name": "my_date_field",
                  },
                  "validation": Array [
                    "required",
                  ],
                },
                Object {
                  "component": "text",
                  "props": Object {
                    "label": "My Empty Field",
                    "name": "my_empty_field",
                  },
                  "validation": Array [
                    "required",
                  ],
                },
              ],
              "title": "STAGE_NAME1",
            },
            Object {
              "items": Array [
                Object {
                  "component": "text",
                  "props": Object {
                    "label": "My Field",
                    "name": "my_field",
                  },
                  "validation": Array [
                    "required",
                  ],
                },
                Object {
                  "component": "date",
                  "props": Object {
                    "label": "My Date Field",
                    "name": "my_date_field",
                  },
                  "validation": Array [
                    "required",
                  ],
                },
                Object {
                  "component": "text",
                  "props": Object {
                    "label": "My Empty Field",
                    "name": "my_empty_field",
                  },
                  "validation": Array [
                    "required",
                  ],
                },
              ],
              "title": "STAGE_NAME2",
            },
          ],
        },
        "validation": Array [],
      },
    ],
    "showPrimaryAction": false,
    "title": "MIN/1234567/18",
  },
}
`;
