// Jest Snapshot v1, https://goo.gl/fbAQLP

exports[`String Unsorted Adapter should transform but not sort string data 1`] = `
Array [
  "String B",
  "String C",
  "String A",
]
`;
