// Jest Snapshot v1, https://goo.gl/fbAQLP

exports[`User Adapter should transform and sort team data 1`] = `
[
  {
    "label": "Team A",
    "value": "TEAM_A",
  },
  {
    "label": "Team B",
    "value": "TEAM_B",
  },
  {
    "label": "Team C",
    "value": "TEAM_C",
  },
]
`;
