// Jest Snapshot v1, https://goo.gl/fbAQLP

exports[`Topic foi Adapter should filter and sort topic data 1`] = `Array []`;
